// Jest Snapshot v1, https://goo.gl/fbAQLP

exports[`render Movie should render Movie 1`] = `
<div
  className="item"
>
  <div
    className="item-img"
  >
    <img />
  </div>
  <div
    className="item-description"
  >
    <span
      className="item-year"
    />
    <h4
      className="item-title"
    />
    <p
      className="item-genre"
    />
  </div>
  <style
    jsx={true}
  >
    
    .item {
      display: inline-block;
      width: 27%;
      height: 540px;
      margin: 20px 36.7px;
    }
    .item-img {
      height: 500px;
      overflow: hidden;
    }
    .item-img img {
      width: 100%;
      height: auto;
    }
    .item-description {
      padding: 6px;
    }
    .item-year {
      float: right;
    }
    .item-title {
      display: inline-block;
      text-transform: uppercase;
    }
  
  </style>
</div>
`;
