// Jest Snapshot v1, https://goo.gl/fbAQLP

exports[`render SearchBlock should render SearchBlock 1`] = `
<React.Fragment>
  <Header />
  <div
    className="search-block"
  >
    <div
      className="inner-search-block"
    >
      <h3>
        Find your movie
      </h3>
      <form
        onSubmit={[Function]}
      >
        <input
          className="search-input"
          onChange={[Function]}
          placeholder="search"
          required={true}
          type="text"
        />
        <button
          className="search-button"
          type="submit"
        >
          search
        </button>
      </form>
      <Connect(SearchByButtons) />
    </div>
  </div>
  <style
    jsx={true}
  >
    
          .search-block {
            background: #414141;
            color: #ffffff;
          }
          .inner-search-block {
            margin: 0 auto;
            padding: 30px 35px;
            max-width: 1130px;
          }
          .inner-search-block h3 {
            text-transform: uppercase;
          }
          .inner-search-block form {
            position: relative;
            margin: 20px 0;
          }
          .search-input {
            width: 97%;
            padding: 15px 18px;
            background: #030200;
            border: none;
            border-bottom: #e75f77;
            color: #ffffff;
          }
          .search-button {
            position: absolute;
            top: 67px;
            right: 0;
            width: 240px;
            background: #e75f77;
            color: #ffffff;
            border: none;
            text-transform: uppercase;
            padding: 10px;
          }
        
  </style>
</React.Fragment>
`;
