// Jest Snapshot v1, https://goo.gl/fbAQLP

exports[`render App should render App 1`] = `
<div>
  <ul>
    <li>
      <Link
        replace={false}
        to="/movies"
      >
        Home
      </Link>
    </li>
    <li>
      <Link
        replace={false}
        to="/movies/:id"
      >
        Movie
      </Link>
    </li>
  </ul>
  <Switch>
    <Switch>
      <Route
        exact={true}
        key="0"
        path="/"
        render={[Function]}
      />
      <Route
        exact={true}
        key="1"
        path="/movies"
        render={[Function]}
      />
      <Route
        exact={true}
        key="2"
        path="/movies/:movieId"
        render={[Function]}
      />
      <Route
        key="3"
        path="/*"
        render={[Function]}
      />
    </Switch>
  </Switch>
</div>
`;
